{
  "version": "1.5.0",
  "plugins_used": [
    {
      "name": "ArtifactoryDetector"
    },
    {
      "name": "AWSKeyDetector"
    },
    {
      "name": "AzureStorageKeyDetector"
    },
    {
      "name": "Base64HighEntropyString",
      "limit": 4.5
    },
    {
      "name": "BasicAuthDetector"
    },
    {
      "name": "CloudantDetector"
    },
    {
      "name": "DiscordBotTokenDetector"
    },
    {
      "name": "GitHubTokenDetector"
    },
    {
      "name": "GitLabTokenDetector"
    },
    {
      "name": "HexHighEntropyString",
      "limit": 3.0
    },
    {
      "name": "IbmCloudIamDetector"
    },
    {
      "name": "IbmCosHmacDetector"
    },
    {
      "name": "IPPublicDetector"
    },
    {
      "name": "JwtTokenDetector"
    },
    {
      "name": "KeywordDetector",
      "keyword_exclude": ""
    },
    {
      "name": "MailchimpDetector"
    },
    {
      "name": "NpmDetector"
    },
    {
      "name": "OpenAIDetector"
    },
    {
      "name": "PrivateKeyDetector"
    },
    {
      "name": "PypiTokenDetector"
    },
    {
      "name": "SendGridDetector"
    },
    {
      "name": "SlackDetector"
    },
    {
      "name": "SoftlayerDetector"
    },
    {
      "name": "SquareOAuthDetector"
    },
    {
      "name": "StripeDetector"
    },
    {
      "name": "TelegramBotTokenDetector"
    },
    {
      "name": "TwilioKeyDetector"
    }
  ],
  "filters_used": [
    {
      "path": "detect_secrets.filters.allowlist.is_line_allowlisted"
    },
    {
      "path": "detect_secrets.filters.common.is_baseline_file",
      "filename": ".secrets.baseline"
    },
    {
      "path": "detect_secrets.filters.common.is_ignored_due_to_verification_policies",
      "min_level": 2
    },
    {
      "path": "detect_secrets.filters.heuristic.is_indirect_reference"
    },
    {
      "path": "detect_secrets.filters.heuristic.is_likely_id_string"
    },
    {
      "path": "detect_secrets.filters.heuristic.is_lock_file"
    },
    {
      "path": "detect_secrets.filters.heuristic.is_not_alphanumeric_string"
    },
    {
      "path": "detect_secrets.filters.heuristic.is_potential_uuid"
    },
    {
      "path": "detect_secrets.filters.heuristic.is_prefixed_with_dollar_sign"
    },
    {
      "path": "detect_secrets.filters.heuristic.is_sequential_string"
    },
    {
      "path": "detect_secrets.filters.heuristic.is_swagger_file"
    },
    {
      "path": "detect_secrets.filters.heuristic.is_templated_secret"
    },
    {
      "path": "detect_secrets.filters.regex.should_exclude_file",
      "pattern": [
        ".venv/|.git/|node_modules/|archive/"
      ]
    }
  ],
  "results": {
    ".github/workflows/ci.yml": [
      {
        "type": "Secret Keyword",
        "filename": ".github/workflows/ci.yml",
        "hashed_secret": "819978ce7f342f14ea76772de1443e988eb2c73e",
        "is_verified": false,
        "line_number": 39
      },
      {
        "type": "Secret Keyword",
        "filename": ".github/workflows/ci.yml",
        "hashed_secret": "20dac3a27a54905da8689360648d9f990c66ab8f",
        "is_verified": false,
        "line_number": 99
      }
    ],
    ".github/workflows/test.yml": [
      {
        "type": "Secret Keyword",
        "filename": ".github/workflows/test.yml",
        "hashed_secret": "819978ce7f342f14ea76772de1443e988eb2c73e",
        "is_verified": false,
        "line_number": 24
      }
    ],
    "alembic.ini": [
      {
        "type": "Basic Auth Credentials",
        "filename": "alembic.ini",
        "hashed_secret": "afc848c316af1a89d49826c5ae9d00ed769415f3",
        "is_verified": false,
        "line_number": 89
      }
    ],
    "docker-compose.test.yml": [
      {
        "type": "Secret Keyword",
        "filename": "docker-compose.test.yml",
        "hashed_secret": "9d4e1e23bd5b727046a9e3b4b7db57bd8d6ee684",
        "is_verified": false,
        "line_number": 44
      }
    ],
    "docs/GETTING_STARTED.md": [
      {
        "type": "Secret Keyword",
        "filename": "docs/GETTING_STARTED.md",
        "hashed_secret": "a219d7693c25cd2d93313512e200ff3eb374d281",
        "is_verified": false,
        "line_number": 142
      },
      {
        "type": "Secret Keyword",
        "filename": "docs/GETTING_STARTED.md",
        "hashed_secret": "d42a14bed85fd20050728d085e39cc5b77e00d6c",
        "is_verified": false,
        "line_number": 143
      },
      {
        "type": "Secret Keyword",
        "filename": "docs/GETTING_STARTED.md",
        "hashed_secret": "33cee6a53545b2655ae95f5ed794b5e400891228",
        "is_verified": false,
        "line_number": 144
      },
      {
        "type": "Secret Keyword",
        "filename": "docs/GETTING_STARTED.md",
        "hashed_secret": "2083c49ad8d63838a4d18f1de0c419f06eb464db",
        "is_verified": false,
        "line_number": 146
      }
    ],
    "docs/POSTGRESQL_SETUP.md": [
      {
        "type": "Basic Auth Credentials",
        "filename": "docs/POSTGRESQL_SETUP.md",
        "hashed_secret": "c35bdb821a941808a150db95d0f934f449bbff17",
        "is_verified": false,
        "line_number": 33
      },
      {
        "type": "Secret Keyword",
        "filename": "docs/POSTGRESQL_SETUP.md",
        "hashed_secret": "564e340cd48437d2dfe876ee154cc99dc4d0d137",
        "is_verified": false,
        "line_number": 94
      },
      {
        "type": "Basic Auth Credentials",
        "filename": "docs/POSTGRESQL_SETUP.md",
        "hashed_secret": "9d4e1e23bd5b727046a9e3b4b7db57bd8d6ee684",
        "is_verified": false,
        "line_number": 212
      },
      {
        "type": "Secret Keyword",
        "filename": "docs/POSTGRESQL_SETUP.md",
        "hashed_secret": "a616a64c0fbc30f12287d0f24f3b90dd2e6a206e",
        "is_verified": false,
        "line_number": 242
      },
      {
        "type": "Basic Auth Credentials",
        "filename": "docs/POSTGRESQL_SETUP.md",
        "hashed_secret": "a616a64c0fbc30f12287d0f24f3b90dd2e6a206e",
        "is_verified": false,
        "line_number": 249
      },
      {
        "type": "Secret Keyword",
        "filename": "docs/POSTGRESQL_SETUP.md",
        "hashed_secret": "f054ffc85b4c1615a7190ea0b248564bb1e9f9ab",
        "is_verified": false,
        "line_number": 385
      }
    ],
    "docs/README.md": [
      {
        "type": "Secret Keyword",
        "filename": "docs/README.md",
        "hashed_secret": "29c32f233d04598b3181c0e27ea0ec7a5c949297",
        "is_verified": false,
        "line_number": 30
      },
      {
        "type": "Secret Keyword",
        "filename": "docs/README.md",
        "hashed_secret": "6d9c68c603e465077bdd49c62347fe54717f83a3",
        "is_verified": false,
        "line_number": 31
      },
      {
        "type": "Secret Keyword",
        "filename": "docs/README.md",
        "hashed_secret": "e5e9fa1ba31ecd1ae84f75caaa474f3a663f05f4",
        "is_verified": false,
        "line_number": 48
      }
    ],
    "docs/guides/POSTGRESQL_SETUP.md": [
      {
        "type": "Basic Auth Credentials",
        "filename": "docs/guides/POSTGRESQL_SETUP.md",
        "hashed_secret": "c35bdb821a941808a150db95d0f934f449bbff17",
        "is_verified": false,
        "line_number": 33
      },
      {
        "type": "Secret Keyword",
        "filename": "docs/guides/POSTGRESQL_SETUP.md",
        "hashed_secret": "564e340cd48437d2dfe876ee154cc99dc4d0d137",
        "is_verified": false,
        "line_number": 94
      },
      {
        "type": "Basic Auth Credentials",
        "filename": "docs/guides/POSTGRESQL_SETUP.md",
        "hashed_secret": "9d4e1e23bd5b727046a9e3b4b7db57bd8d6ee684",
        "is_verified": false,
        "line_number": 212
      },
      {
        "type": "Secret Keyword",
        "filename": "docs/guides/POSTGRESQL_SETUP.md",
        "hashed_secret": "a616a64c0fbc30f12287d0f24f3b90dd2e6a206e",
        "is_verified": false,
        "line_number": 242
      },
      {
        "type": "Basic Auth Credentials",
        "filename": "docs/guides/POSTGRESQL_SETUP.md",
        "hashed_secret": "a616a64c0fbc30f12287d0f24f3b90dd2e6a206e",
        "is_verified": false,
        "line_number": 249
      },
      {
        "type": "Secret Keyword",
        "filename": "docs/guides/POSTGRESQL_SETUP.md",
        "hashed_secret": "f054ffc85b4c1615a7190ea0b248564bb1e9f9ab",
        "is_verified": false,
        "line_number": 385
      }
    ],
    "src/auth/web3.py": [
      {
        "type": "Secret Keyword",
        "filename": "src/auth/web3.py",
        "hashed_secret": "ddbf860374db4961cfe7b132e47325badf77c22e",
        "is_verified": false,
        "line_number": 61
      }
    ],
    "src/c4/neural_classifier/llm_classifier.py": [
      {
        "type": "Secret Keyword",
        "filename": "src/c4/neural_classifier/llm_classifier.py",
        "hashed_secret": "1a37d41260f96724ee881be5e261b4d043f0626b",
        "is_verified": false,
        "line_number": 55
      },
      {
        "type": "Secret Keyword",
        "filename": "src/c4/neural_classifier/llm_classifier.py",
        "hashed_secret": "fbc8cff8359639c2cc4b0c135565e801ab38358f",
        "is_verified": false,
        "line_number": 62
      },
      {
        "type": "Secret Keyword",
        "filename": "src/c4/neural_classifier/llm_classifier.py",
        "hashed_secret": "38701bc7d344d76dfd8de72f608e4a2868cf13c4",
        "is_verified": false,
        "line_number": 69
      },
      {
        "type": "Secret Keyword",
        "filename": "src/c4/neural_classifier/llm_classifier.py",
        "hashed_secret": "4835254aab9494e03d8b72e816719a4914612587",
        "is_verified": false,
        "line_number": 76
      },
      {
        "type": "Secret Keyword",
        "filename": "src/c4/neural_classifier/llm_classifier.py",
        "hashed_secret": "02ecb94373bfb3dfe827ca18409f50b016e8302a",
        "is_verified": false,
        "line_number": 83
      },
      {
        "type": "Secret Keyword",
        "filename": "src/c4/neural_classifier/llm_classifier.py",
        "hashed_secret": "96133e4265d7a277409c8094e5eff6a41934cf07",
        "is_verified": false,
        "line_number": 90
      },
      {
        "type": "Secret Keyword",
        "filename": "src/c4/neural_classifier/llm_classifier.py",
        "hashed_secret": "3e10d010e7dfb478858d30459fa03f3824340d47",
        "is_verified": false,
        "line_number": 97
      }
    ],
    "src/config/paths.py": [
      {
        "type": "Secret Keyword",
        "filename": "src/config/paths.py",
        "hashed_secret": "506f30bf33917c420d56a41dfc1072fd8b1525f5",
        "is_verified": false,
        "line_number": 167
      },
      {
        "type": "Secret Keyword",
        "filename": "src/config/paths.py",
        "hashed_secret": "dff12b73498bc6f517fdcccb03ed00c89e912292",
        "is_verified": false,
        "line_number": 169
      },
      {
        "type": "Secret Keyword",
        "filename": "src/config/paths.py",
        "hashed_secret": "7f8aaf142ce0552c260f2e546dda43ddd7c9aef3",
        "is_verified": false,
        "line_number": 171
      },
      {
        "type": "Secret Keyword",
        "filename": "src/config/paths.py",
        "hashed_secret": "7b72a446bdb6ae5c8a39c81f07976764afde0079",
        "is_verified": false,
        "line_number": 173
      },
      {
        "type": "Secret Keyword",
        "filename": "src/config/paths.py",
        "hashed_secret": "285e882a257058822c7e502cd98764798d47870c",
        "is_verified": false,
        "line_number": 175
      },
      {
        "type": "Secret Keyword",
        "filename": "src/config/paths.py",
        "hashed_secret": "4bd51a49ad53132056ad624af305774088bf6b1b",
        "is_verified": false,
        "line_number": 177
      }
    ],
    "src/extractors/contradiction.py": [
      {
        "type": "Secret Keyword",
        "filename": "src/extractors/contradiction.py",
        "hashed_secret": "475e81e79c7880f9b5caa35bec50279c459ad2f9",
        "is_verified": false,
        "line_number": 250
      }
    ],
    "src/knowledge/config.py": [
      {
        "type": "Secret Keyword",
        "filename": "src/knowledge/config.py",
        "hashed_secret": "99b82386480380d8b17fd1154838c84d701894dd",
        "is_verified": false,
        "line_number": 71
      },
      {
        "type": "Secret Keyword",
        "filename": "src/knowledge/config.py",
        "hashed_secret": "3fef604ffb9267851b75270606d7c2e50ac42871",
        "is_verified": false,
        "line_number": 72
      },
      {
        "type": "Secret Keyword",
        "filename": "src/knowledge/config.py",
        "hashed_secret": "15e7bb03060848dccc88d8b3091f197250f0ac07",
        "is_verified": false,
        "line_number": 83
      },
      {
        "type": "Secret Keyword",
        "filename": "src/knowledge/config.py",
        "hashed_secret": "466806227c89b836b8779e437735a3dbb97f1b79",
        "is_verified": false,
        "line_number": 84
      },
      {
        "type": "Secret Keyword",
        "filename": "src/knowledge/config.py",
        "hashed_secret": "d06b4ea0221006f1221dff88747253748a4c0095",
        "is_verified": false,
        "line_number": 95
      },
      {
        "type": "Secret Keyword",
        "filename": "src/knowledge/config.py",
        "hashed_secret": "939a1842de56d547a98cab3169f3d8b668e383db",
        "is_verified": false,
        "line_number": 96
      },
      {
        "type": "Secret Keyword",
        "filename": "src/knowledge/config.py",
        "hashed_secret": "9b6ea85822af6e10043dc30b94d04188fe501b98",
        "is_verified": false,
        "line_number": 188
      },
      {
        "type": "Secret Keyword",
        "filename": "src/knowledge/config.py",
        "hashed_secret": "6a9df4be6a598c2ebdd9731e70de9a4dca59e464",
        "is_verified": false,
        "line_number": 189
      },
      {
        "type": "Secret Keyword",
        "filename": "src/knowledge/config.py",
        "hashed_secret": "4ab4aadd764a6066d91ad45d13c2aa2dd5e256ca",
        "is_verified": false,
        "line_number": 200
      },
      {
        "type": "Secret Keyword",
        "filename": "src/knowledge/config.py",
        "hashed_secret": "53bb1872ccb67782cbf0f0acbc7d8b1f80e917db",
        "is_verified": false,
        "line_number": 201
      },
      {
        "type": "Secret Keyword",
        "filename": "src/knowledge/config.py",
        "hashed_secret": "4ac79a2c629ec28684888fa108b80e1c45a32673",
        "is_verified": false,
        "line_number": 212
      },
      {
        "type": "Secret Keyword",
        "filename": "src/knowledge/config.py",
        "hashed_secret": "672ae3433b266c3ce0de4a612d275c6c79704a29",
        "is_verified": false,
        "line_number": 223
      },
      {
        "type": "Secret Keyword",
        "filename": "src/knowledge/config.py",
        "hashed_secret": "e5f7693f0bc7e98dab3c69be0deea8c1cea0d4d7",
        "is_verified": false,
        "line_number": 224
      },
      {
        "type": "Secret Keyword",
        "filename": "src/knowledge/config.py",
        "hashed_secret": "e3ceba67460c738e7daef8054cd9983c1189cdc5",
        "is_verified": false,
        "line_number": 235
      },
      {
        "type": "Secret Keyword",
        "filename": "src/knowledge/config.py",
        "hashed_secret": "66d74e62c1d20204259a3758b8da50bbbaa0d41e",
        "is_verified": false,
        "line_number": 247
      },
      {
        "type": "Secret Keyword",
        "filename": "src/knowledge/config.py",
        "hashed_secret": "d34f3d3d09778399cd4ef082e8c25b4b43c95700",
        "is_verified": false,
        "line_number": 289
      },
      {
        "type": "Secret Keyword",
        "filename": "src/knowledge/config.py",
        "hashed_secret": "c6a22da0c77b95d37b0e4eb5150ee1a038b71e23",
        "is_verified": false,
        "line_number": 320
      },
      {
        "type": "Secret Keyword",
        "filename": "src/knowledge/config.py",
        "hashed_secret": "2ba57e4ef137c10df53122a1f1e1f2bed436fefd",
        "is_verified": false,
        "line_number": 341
      },
      {
        "type": "Secret Keyword",
        "filename": "src/knowledge/config.py",
        "hashed_secret": "820448544740f6776bce4eb5312d93919b83ba71",
        "is_verified": false,
        "line_number": 362
      },
      {
        "type": "Secret Keyword",
        "filename": "src/knowledge/config.py",
        "hashed_secret": "2ede13d7384a1ed25ee159d66fe3e461b85dd7e1",
        "is_verified": false,
        "line_number": 495
      },
      {
        "type": "Secret Keyword",
        "filename": "src/knowledge/config.py",
        "hashed_secret": "68fdb08587490bff61f3ebfa8053ff351ff00331",
        "is_verified": false,
        "line_number": 496
      },
      {
        "type": "Secret Keyword",
        "filename": "src/knowledge/config.py",
        "hashed_secret": "628ed5b2f01b522789dc1a736ef1260281c0d696",
        "is_verified": false,
        "line_number": 507
      },
      {
        "type": "Secret Keyword",
        "filename": "src/knowledge/config.py",
        "hashed_secret": "929b3923879961d1e9ca2689bd0411fa2f242fef",
        "is_verified": false,
        "line_number": 508
      },
      {
        "type": "Secret Keyword",
        "filename": "src/knowledge/config.py",
        "hashed_secret": "5f77db87cba899be6e6088e66c3274acb19bf4eb",
        "is_verified": false,
        "line_number": 519
      },
      {
        "type": "Secret Keyword",
        "filename": "src/knowledge/config.py",
        "hashed_secret": "7ab189205c214e12c76e540c45e45c31b8b3c7fe",
        "is_verified": false,
        "line_number": 520
      },
      {
        "type": "Secret Keyword",
        "filename": "src/knowledge/config.py",
        "hashed_secret": "bbd3b1c6bddb1e95bb31989a88f13fed322ee741",
        "is_verified": false,
        "line_number": 531
      },
      {
        "type": "Secret Keyword",
        "filename": "src/knowledge/config.py",
        "hashed_secret": "c8ffa6ebd04b65c23e60134c7e3f2819d20f7f8e",
        "is_verified": false,
        "line_number": 542
      }
    ],
    "src/knowledge/sources/p6_adapters.py": [
      {
        "type": "Secret Keyword",
        "filename": "src/knowledge/sources/p6_adapters.py",
        "hashed_secret": "d34f3d3d09778399cd4ef082e8c25b4b43c95700",
        "is_verified": false,
        "line_number": 56
      },
      {
        "type": "Secret Keyword",
        "filename": "src/knowledge/sources/p6_adapters.py",
        "hashed_secret": "c6a22da0c77b95d37b0e4eb5150ee1a038b71e23",
        "is_verified": false,
        "line_number": 114
      },
      {
        "type": "Secret Keyword",
        "filename": "src/knowledge/sources/p6_adapters.py",
        "hashed_secret": "2ba57e4ef137c10df53122a1f1e1f2bed436fefd",
        "is_verified": false,
        "line_number": 133
      },
      {
        "type": "Secret Keyword",
        "filename": "src/knowledge/sources/p6_adapters.py",
        "hashed_secret": "820448544740f6776bce4eb5312d93919b83ba71",
        "is_verified": false,
        "line_number": 181
      },
      {
        "type": "Secret Keyword",
        "filename": "src/knowledge/sources/p6_adapters.py",
        "hashed_secret": "628ed5b2f01b522789dc1a736ef1260281c0d696",
        "is_verified": false,
        "line_number": 283
      },
      {
        "type": "Secret Keyword",
        "filename": "src/knowledge/sources/p6_adapters.py",
        "hashed_secret": "bbd3b1c6bddb1e95bb31989a88f13fed322ee741",
        "is_verified": false,
        "line_number": 382
      },
      {
        "type": "Secret Keyword",
        "filename": "src/knowledge/sources/p6_adapters.py",
        "hashed_secret": "c8ffa6ebd04b65c23e60134c7e3f2819d20f7f8e",
        "is_verified": false,
        "line_number": 396
      }
    ],
    "src/llm/local_fallback.py": [
      {
        "type": "Secret Keyword",
        "filename": "src/llm/local_fallback.py",
        "hashed_secret": "3277087fc3c099f45f9bffa236607265496282d1",
        "is_verified": false,
        "line_number": 29
      }
    ],
    "src/llm/reasoner_client.py": [
      {
        "type": "Secret Keyword",
        "filename": "src/llm/reasoner_client.py",
        "hashed_secret": "96133e4265d7a277409c8094e5eff6a41934cf07",
        "is_verified": false,
        "line_number": 43
      },
      {
        "type": "Secret Keyword",
        "filename": "src/llm/reasoner_client.py",
        "hashed_secret": "66e0e2b808ba68e8d1169e0bcbeaec099b2a9466",
        "is_verified": false,
        "line_number": 64
      }
    ],
    "src/security/audit_log.py": [
      {
        "type": "Secret Keyword",
        "filename": "src/security/audit_log.py",
        "hashed_secret": "f18626679d250b75841bbc5c0a1c3f83dc0e8856",
        "is_verified": false,
        "line_number": 40
      },
      {
        "type": "Secret Keyword",
        "filename": "src/security/audit_log.py",
        "hashed_secret": "ab5f5a2ae5fc9b74a0a925ab4f74080921a29b43",
        "is_verified": false,
        "line_number": 41
      }
    ],
    "src/simulations/vastai_delegate.py": [
      {
        "type": "Secret Keyword",
        "filename": "src/simulations/vastai_delegate.py",
        "hashed_secret": "466d61e0d90b185fecabca31aec123d4a7de79c2",
        "is_verified": false,
        "line_number": 282
      }
    ],
    "src/tui/v9/auth_cmd.go": [
      {
        "type": "Secret Keyword",
        "filename": "src/tui/v9/auth_cmd.go",
        "hashed_secret": "448ed7416fce2cb66c285d182b1ba3df1e90016d",
        "is_verified": false,
        "line_number": 15
      }
    ],
    "src/tui/v9/probe/probe.go": [
      {
        "type": "Secret Keyword",
        "filename": "src/tui/v9/probe/probe.go",
        "hashed_secret": "448ed7416fce2cb66c285d182b1ba3df1e90016d",
        "is_verified": false,
        "line_number": 28
      }
    ],
    "src/utils/validation.py": [
      {
        "type": "Secret Keyword",
        "filename": "src/utils/validation.py",
        "hashed_secret": "66baac122b565526d8e3e28ddedf4631304ce89f",
        "is_verified": false,
        "line_number": 27
      },
      {
        "type": "Secret Keyword",
        "filename": "src/utils/validation.py",
        "hashed_secret": "6b19d206ebda3b12be3dc203fba79a0246365304",
        "is_verified": false,
        "line_number": 28
      },
      {
        "type": "Secret Keyword",
        "filename": "src/utils/validation.py",
        "hashed_secret": "15ce30258baee42b103e77f38dbd5a063a092ab3",
        "is_verified": false,
        "line_number": 45
      }
    ],
    "tests/export/test_formatters.py": [
      {
        "type": "Base64 High Entropy String",
        "filename": "tests/export/test_formatters.py",
        "hashed_secret": "9d628e004bc8af05e1e380628c9d3212213d6e02",
        "is_verified": false,
        "line_number": 20
      }
    ],
    "tests/integrations/test_pubmed_adapter.py": [
      {
        "type": "Secret Keyword",
        "filename": "tests/integrations/test_pubmed_adapter.py",
        "hashed_secret": "3acfb2c2b433c0ea7ff107e33df91b18e52f960f",
        "is_verified": false,
        "line_number": 191
      }
    ],
    "tests/llm/conftest.py": [
      {
        "type": "Secret Keyword",
        "filename": "tests/llm/conftest.py",
        "hashed_secret": "3acfb2c2b433c0ea7ff107e33df91b18e52f960f",
        "is_verified": false,
        "line_number": 25
      }
    ],
    "tests/llm/test_guarded_call.py": [
      {
        "type": "Secret Keyword",
        "filename": "tests/llm/test_guarded_call.py",
        "hashed_secret": "829c3804401b0727f70f73d4415e162400cbe57b",
        "is_verified": false,
        "line_number": 109
      }
    ],
    "tests/security/test_audit_log.py": [
      {
        "type": "Secret Keyword",
        "filename": "tests/security/test_audit_log.py",
        "hashed_secret": "f2b14f68eb995facb3a1c35287b778d5bd785511",
        "is_verified": false,
        "line_number": 77
      }
    ],
    "tests/security/test_credential_guard.py": [
      {
        "type": "Base64 High Entropy String",
        "filename": "tests/security/test_credential_guard.py",
        "hashed_secret": "edd2e7ac4f61d0c606e80a0919d727540842a307",
        "is_verified": false,
        "line_number": 15
      },
      {
        "type": "Secret Keyword",
        "filename": "tests/security/test_credential_guard.py",
        "hashed_secret": "b9b5bcb4113b44ac810c76c4fb9a88fd3c6cc79a",
        "is_verified": false,
        "line_number": 28
      },
      {
        "type": "GitHub Token",
        "filename": "tests/security/test_credential_guard.py",
        "hashed_secret": "e175c6f5f2a92e8623bd9a4820edb4e8c1b0fd10",
        "is_verified": false,
        "line_number": 53
      },
      {
        "type": "AWS Access Key",
        "filename": "tests/security/test_credential_guard.py",
        "hashed_secret": "1d5bc0e7232d07b336f4d35db4c0200142962f4a",
        "is_verified": false,
        "line_number": 58
      },
      {
        "type": "Base64 High Entropy String",
        "filename": "tests/security/test_credential_guard.py",
        "hashed_secret": "5b87b68fb4ea3efd236001e1a34e72dc8502d8bb",
        "is_verified": false,
        "line_number": 68
      }
    ],
    "tests/simulations/test_nvidia_bridge.py": [
      {
        "type": "Secret Keyword",
        "filename": "tests/simulations/test_nvidia_bridge.py",
        "hashed_secret": "00942f4668670f34c5943cf52c7ef3139fe2b8d6",
        "is_verified": false,
        "line_number": 481
      }
    ],
    "tests/test_arxiv_v8.py": [
      {
        "type": "Secret Keyword",
        "filename": "tests/test_arxiv_v8.py",
        "hashed_secret": "a62f2225bf70bfaccbc7f1ef2a397836717377de",
        "is_verified": false,
        "line_number": 51
      }
    ],
    "tests/test_scimatic_v8.py": [
      {
        "type": "Secret Keyword",
        "filename": "tests/test_scimatic_v8.py",
        "hashed_secret": "a62f2225bf70bfaccbc7f1ef2a397836717377de",
        "is_verified": false,
        "line_number": 28
      }
    ],
    "tests/utils/test_validation.py": [
      {
        "type": "Secret Keyword",
        "filename": "tests/utils/test_validation.py",
        "hashed_secret": "4ea8d2335b430796cf3f500368c5b0f5b1dc90f5",
        "is_verified": false,
        "line_number": 63
      },
      {
        "type": "Secret Keyword",
        "filename": "tests/utils/test_validation.py",
        "hashed_secret": "a62f2225bf70bfaccbc7f1ef2a397836717377de",
        "is_verified": false,
        "line_number": 65
      },
      {
        "type": "Secret Keyword",
        "filename": "tests/utils/test_validation.py",
        "hashed_secret": "e5e9fa1ba31ecd1ae84f75caaa474f3a663f05f4",
        "is_verified": false,
        "line_number": 99
      }
    ]
  },
  "generated_at": "2026-07-13T10:30:50Z"
}
